===================================================
  Starting Hotel Training Management System...
===================================================

[1/3] Installing Backend Dependencies...

up to date, audited 437 packages in 5s

60 packages are looking for funding
  run `npm fund` for details

3 high severity vulnerabilities

To address issues that do not require attention, run:
  npm audit fix

Some issues need review, and may require choosing
a different dependency.

Run `npm audit` for details.

[2/3] Installing Frontend Dependencies...

up to date, audited 495 packages in 6s

77 packages are looking for funding
  run `npm fund` for details

8 vulnerabilities (2 moderate, 6 high)

To address issues that do not require attention, run:
  npm audit fix

To address all issues (including breaking changes), run:
  npm audit fix --force

Run `npm audit` for details.

[3/3] Launching Servers...
Starting Node.js Backend Server on Port 5000...
Starting React (Vite) Frontend Server...

===================================================
  System is now starting in separate windows!
  Once loaded, open your browser to the local URL 
  shown in the Frontend Server window (usually 
  http://localhost:5173).
===================================================
Press any key to continue . . . 
